Loading pretrained model
Loading datasets
Training
[34m╭─[0m[34m [0m[1;35mmlx_lm.lora[0m[34m [0m[34m───────────────────────────────────────────────────────────────────────────────────────────────────────[0m[34m─╮[0m
[34m│[0m    [39mmodel        [0m   [1mdata/cache/ornith-9b-mlx-4bit[0m                                                                     [34m│[0m
[34m│[0m    [39mtype         [0m   [1mlora · 16 layers · rank 8[0m                                                                         [34m│[0m
[34m│[0m    [39mdataset      [0m   [1mdata/finetune[0m                                                                                     [34m│[0m
[34m│[0m    [39moptimizer    [0m   [1madam · lr 1.0e-04[0m                                                                                 [34m│[0m
[34m│[0m    [39mbatch · iters[0m   [1m1 · 900[0m                                                                                           [34m│[0m
[34m│[0m    [39mmax seq      [0m   [1m4,096[0m                                                                                             [34m│[0m
[34m╰──────────────────────────────────────────────────────────────────────────────────────────────────────────────────────╯[0m
Trainable parameters: 0.121% (10.820M/8953.802M)
  [1miter   train_loss     tok/s     tokens[0m
  [38;5;244m   1[0m    [1;35mval[0m [1m0.827[0m    [38;5;244m95.16s[0m
  [38;5;244m  25[0m    [1;32m0.723 ▼[0m    [1m   29[0m    [38;5;244m  8.5k[0m
  [38;5;244m  50[0m    [1;32m0.606 ▼[0m    [1m   28[0m    [38;5;244m 16.4k[0m
  [38;5;244m  75[0m    [1;33m0.657 ▲[0m    [1m   29[0m    [38;5;244m 24.9k[0m
  [38;5;244m 100[0m    [1;32m0.544 ▼[0m    [1m   27[0m    [38;5;244m 32.7k[0m
  [38;5;244m 125[0m    [1;32m0.454 ▼[0m    [1m   27[0m    [38;5;244m 40.2k[0m
  [38;5;244m 150[0m    [1;35mval[0m [1m0.524[0m    [38;5;244m92.86s[0m
  [38;5;244m 150[0m    [1;33m0.482 ▲[0m    [1m   24[0m    [38;5;244m 46.9k[0m
  [1;32msave[0m  [38;5;244m0000150_adapters.safetensors[0m
  [38;5;244m 175[0m    [1;33m0.501 ▲[0m    [1m   24[0m    [38;5;244m 53.9k[0m
  [38;5;244m 200[0m    [1;32m0.408 ▼[0m    [1m   29[0m    [38;5;244m 62.6k[0m
  [38;5;244m 225[0m    [1;33m0.519 ▲[0m    [1m   26[0m    [38;5;244m 70.1k[0m
  [38;5;244m 250[0m    [1;32m0.391 ▼[0m    [1m   31[0m    [38;5;244m 79.1k[0m
  [38;5;244m 275[0m    [1;33m0.433 ▲[0m    [1m   30[0m    [38;5;244m 87.9k[0m
  [38;5;244m 300[0m    [1;35mval[0m [1m0.410[0m    [38;5;244m90.97s[0m
  [38;5;244m 300[0m    [1;33m0.435 ▲[0m    [1m   32[0m    [38;5;244m 97.4k[0m
  [1;32msave[0m  [38;5;244m0000300_adapters.safetensors[0m
  [38;5;244m 325[0m    [1;32m0.242 ▼[0m    [1m   23[0m    [38;5;244m103.9k[0m
  [38;5;244m 350[0m    [1;32m0.213 ▼[0m    [1m   21[0m    [38;5;244m109.5k[0m
  [38;5;244m 375[0m    [1;33m0.240 ▲[0m    [1m   32[0m    [38;5;244m118.5k[0m
  [38;5;244m 400[0m    [1;33m0.271 ▲[0m    [1m   29[0m    [38;5;244m126.9k[0m
  [38;5;244m 425[0m    [1;32m0.264 ▼[0m    [1m   27[0m    [38;5;244m134.6k[0m
  [38;5;244m 450[0m    [1;35mval[0m [1m0.401[0m    [38;5;244m94.19s[0m
  [38;5;244m 450[0m    [1;32m0.255 ▼[0m    [1m   32[0m    [38;5;244m144.1k[0m
  [1;32msave[0m  [38;5;244m0000450_adapters.safetensors[0m
  [38;5;244m 475[0m    [1;32m0.250 ▼[0m    [1m   27[0m    [38;5;244m152.2k[0m
  [38;5;244m 500[0m    [1;32m0.224 ▼[0m    [1m   23[0m    [38;5;244m158.8k[0m
  [38;5;244m 525[0m    [1;33m0.257 ▲[0m    [1m   28[0m    [38;5;244m167.0k[0m
  [38;5;244m 550[0m    [1;32m0.233 ▼[0m    [1m   34[0m    [38;5;244m177.6k[0m
  [38;5;244m 575[0m    [1;33m0.262 ▲[0m    [1m   25[0m    [38;5;244m184.4k[0m
  [38;5;244m 600[0m    [1;35mval[0m [1m0.399[0m    [38;5;244m93.26s[0m
  [38;5;244m 600[0m    [1;32m0.214 ▼[0m    [1m   28[0m    [38;5;244m192.6k[0m
  [1;32msave[0m  [38;5;244m0000600_adapters.safetensors[0m
  [38;5;244m 625[0m    [1;32m0.140 ▼[0m    [1m   27[0m    [38;5;244m200.4k[0m
  [38;5;244m 650[0m    [1;32m0.133 ▼[0m    [1m   31[0m    [38;5;244m209.4k[0m
  [38;5;244m 675[0m    [1;33m0.137 ▲[0m    [1m   24[0m    [38;5;244m216.3k[0m
  [38;5;244m 700[0m    [1;32m0.134 ▼[0m    [1m   36[0m    [38;5;244m227.6k[0m
  [38;5;244m 725[0m    [1;33m0.142 ▲[0m    [1m   22[0m    [38;5;244m233.9k[0m
  [38;5;244m 750[0m    [1;35mval[0m [1m0.417[0m    [38;5;244m89.80s[0m
  [38;5;244m 750[0m    [1;33m0.160 ▲[0m    [1m   29[0m    [38;5;244m242.3k[0m
  [1;32msave[0m  [38;5;244m0000750_adapters.safetensors[0m
  [38;5;244m 775[0m    [1;33m0.172 ▲[0m    [1m   35[0m    [38;5;244m252.8k[0m
  [38;5;244m 800[0m    [1;32m0.163 ▼[0m    [1m   24[0m    [38;5;244m259.4k[0m
  [38;5;244m 825[0m    [1;33m0.166 ▲[0m    [1m   23[0m    [38;5;244m265.8k[0m
  [38;5;244m 850[0m    [1;32m0.165 ▼[0m    [1m   24[0m    [38;5;244m272.5k[0m
  [38;5;244m 875[0m    [1;33m0.181 ▲[0m    [1m   30[0m    [38;5;244m280.9k[0m
  [38;5;244m 900[0m    [1;35mval[0m [1m0.536[0m    [38;5;244m91.76s[0m
  [38;5;244m 900[0m    [1;32m0.103 ▼[0m    [1m   28[0m    [38;5;244m289.2k[0m
  [1;32msave[0m  [38;5;244m0000900_adapters.safetensors[0m
[1;34mtrain[0m [34m██████████████████████████████[0m [1;34m100%[0m [38;5;244m·[0m [1;34m  900[0m[38;5;244m/900[0m
